2026-03-01 21:21:26 | INFO     | SignSense            | log_session_start    | ======================================================================
2026-03-01 21:21:26 | INFO     | SignSense            | log_session_start    | SIGNSENSE SESSION STARTED
2026-03-01 21:21:26 | INFO     | SignSense            | log_session_start    | ======================================================================
2026-03-01 21:21:26 | INFO     | SignSense            | log_session_start    | Log file: D:\CODE FOLDER JEFF\SignSense\logs\signsense_20260301_212125.log
2026-03-01 21:21:26 | INFO     | SignSense            | log_session_start    | Python: 3.12.10 (tags/v3.12.10:0cc8128, Apr  8 2025, 12:21:36) [MSC v.1943 64 bit (AMD64)]
2026-03-01 21:21:26 | INFO     | SignSense            | log_session_start    | Platform: win32
2026-03-01 21:21:26 | INFO     | SignSense            | log_session_start    | ======================================================================
2026-03-01 21:21:26 | INFO     | SignSense            | main                 | SignSense window created: 640x480
2026-03-01 21:21:26 | INFO     | SignSense            | main                 | Drag the window corner to resize.
2026-03-01 21:21:26 | INFO     | SignSense            | main                 | STATE: MAIN_MENU
2026-03-01 21:21:31 | INFO     | SignSense            | main                 | STATE: LEVEL_SELECT
2026-03-01 21:21:35 | INFO     | SignSense            | main                 | STATE: PLAY
2026-03-01 21:21:41 | ERROR    | SignSense            | log_error            | Error in PlayMode: UnboundLocalError: cannot access local variable 'SignType' where it is not associated with a value [Unexpected error in main loop]
2026-03-01 21:21:41 | DEBUG    | SignSense            | release_camera       | Releasing camera
2026-03-01 21:21:41 | INFO     | SignSense            | main                 | STATE: MAIN_MENU
2026-03-01 21:24:44 | INFO     | SignSense            | main                 | STATE: DEBUG
2026-03-01 21:24:49 | DEBUG    | SignSense            | run_debug_mode       | Frame 10 | FPS: 9.7
2026-03-01 21:24:50 | DEBUG    | SignSense            | run_debug_mode       | Frame 31 | FPS: 20.2
2026-03-01 21:24:51 | DEBUG    | SignSense            | run_debug_mode       | Frame 52 | FPS: 20.5
2026-03-01 21:24:53 | DEBUG    | SignSense            | run_debug_mode       | Frame 72 | FPS: 19.6
2026-03-01 21:24:54 | DEBUG    | SignSense            | run_debug_mode       | Frame 89 | FPS: 16.9
2026-03-01 21:24:55 | DEBUG    | SignSense            | run_debug_mode       | Frame 108 | FPS: 18.5
2026-03-01 21:24:56 | INFO     | SignSense            | run_debug_mode       | [DEBUG] Confirmed: F
2026-03-01 21:24:56 | DEBUG    | SignSense            | run_debug_mode       | Frame 124 | FPS: 15.7
2026-03-01 21:24:57 | DEBUG    | SignSense            | run_debug_mode       | Frame 145 | FPS: 20.1
2026-03-01 21:24:58 | INFO     | SignSense            | run_debug_mode       | [DEBUG] Confirmed: I
2026-03-01 21:24:58 | DEBUG    | SignSense            | run_debug_mode       | Frame 164 | FPS: 18.1
2026-03-01 21:24:59 | DEBUG    | SignSense            | run_debug_mode       | Frame 184 | FPS: 19.3
2026-03-01 21:25:00 | DEBUG    | SignSense            | run_debug_mode       | Frame 202 | FPS: 18.0
2026-03-01 21:25:00 | INFO     | SignSense            | run_debug_mode       | [DEBUG] Confirmed: A
2026-03-01 21:25:01 | DEBUG    | SignSense            | run_debug_mode       | Frame 221 | FPS: 18.3
2026-03-01 21:25:02 | DEBUG    | SignSense            | run_debug_mode       | Frame 243 | FPS: 21.2
2026-03-01 21:25:02 | INFO     | SignSense            | run_debug_mode       | [DEBUG] Confirmed: B
2026-03-01 21:25:03 | DEBUG    | SignSense            | run_debug_mode       | Frame 269 | FPS: 25.3
2026-03-01 21:25:04 | DEBUG    | SignSense            | run_debug_mode       | Frame 292 | FPS: 22.3
2026-03-01 21:25:05 | DEBUG    | SignSense            | run_debug_mode       | Frame 308 | FPS: 15.8
2026-03-01 21:25:06 | DEBUG    | SignSense            | run_debug_mode       | Frame 326 | FPS: 16.5
2026-03-01 21:25:07 | INFO     | SignSense            | run_debug_mode       | [DEBUG] Confirmed: H
2026-03-01 21:25:07 | DEBUG    | SignSense            | run_debug_mode       | Frame 344 | FPS: 17.1
2026-03-01 21:25:08 | DEBUG    | SignSense            | run_debug_mode       | Frame 364 | FPS: 19.5
2026-03-01 21:25:09 | DEBUG    | SignSense            | run_debug_mode       | Frame 383 | FPS: 18.8
2026-03-01 21:25:10 | DEBUG    | SignSense            | run_debug_mode       | Frame 401 | FPS: 17.3
2026-03-01 21:25:11 | DEBUG    | SignSense            | run_debug_mode       | Frame 418 | FPS: 16.9
2026-03-01 21:25:12 | DEBUG    | SignSense            | run_debug_mode       | Frame 436 | FPS: 17.2
2026-03-01 21:25:13 | INFO     | SignSense            | run_debug_mode       | [DEBUG] Confirmed: C
2026-03-01 21:25:13 | DEBUG    | SignSense            | run_debug_mode       | Frame 453 | FPS: 16.5
2026-03-01 21:25:14 | DEBUG    | SignSense            | run_debug_mode       | Frame 472 | FPS: 18.4
2026-03-01 21:25:15 | DEBUG    | SignSense            | run_debug_mode       | Frame 491 | FPS: 18.8
2026-03-01 21:25:16 | DEBUG    | SignSense            | run_debug_mode       | Frame 509 | FPS: 17.6
2026-03-01 21:25:17 | DEBUG    | SignSense            | run_debug_mode       | Frame 525 | FPS: 15.0
2026-03-01 21:25:18 | DEBUG    | SignSense            | run_debug_mode       | Frame 543 | FPS: 17.1
2026-03-01 21:25:19 | DEBUG    | SignSense            | run_debug_mode       | Frame 561 | FPS: 17.8
2026-03-01 21:25:19 | INFO     | SignSense            | run_debug_mode       | [DEBUG] Confirmed: G
2026-03-01 21:25:20 | DEBUG    | SignSense            | run_debug_mode       | Frame 579 | FPS: 17.7
2026-03-01 21:25:21 | DEBUG    | SignSense            | run_debug_mode       | Frame 603 | FPS: 23.7
2026-03-01 21:25:22 | DEBUG    | SignSense            | run_debug_mode       | Frame 620 | FPS: 16.6
2026-03-01 21:25:22 | INFO     | SignSense            | run_debug_mode       | ESC pressed in debug mode
2026-03-01 21:25:22 | DEBUG    | SignSense            | release_camera       | Releasing camera
2026-03-01 21:25:23 | INFO     | SignSense            | main                 | STATE: MAIN_MENU
2026-03-01 21:25:25 | INFO     | SignSense            | log_session_end      | ======================================================================
2026-03-01 21:25:25 | INFO     | SignSense            | log_session_end      | SIGNSENSE SESSION ENDED
2026-03-01 21:25:25 | INFO     | SignSense            | log_session_end      | ======================================================================
2026-03-01 21:25:25 | INFO     | SignSense            | report               | ======================================================================
2026-03-01 21:25:25 | INFO     | SignSense            | report               | PERFORMANCE REPORT
2026-03-01 21:25:25 | INFO     | SignSense            | report               | ======================================================================
2026-03-01 21:25:25 | INFO     | SignSense            | report               | ======================================================================
2026-03-01 21:25:25 | INFO     | SignSense            | main                 | SignSense closed.
